[1m[92m Downloading[0m crates ...
[1m[92m  Downloaded[0m alloc-no-stdlib v2.0.4
[1m[92m  Downloaded[0m adler2 v2.0.1
[1m[92m  Downloaded[0m allocator-api2 v0.2.21
[1m[92m  Downloaded[0m alloc-stdlib v0.2.4
[1m[92m  Downloaded[0m futures-task v0.3.34
[1m[92m  Downloaded[0m proc-macro-crate v3.5.0
[1m[92m  Downloaded[0m bitflags v1.3.2
[1m[92m  Downloaded[0m atk v0.18.2
[1m[92m  Downloaded[0m bitflags v2.13.2
[1m[92m  Downloaded[0m aho-corasick v1.1.5
[1m[92m  Downloaded[0m block-buffer v0.10.4
[1m[92m  Downloaded[0m proc-macro-error-attr v1.0.4
[1m[92m  Downloaded[0m proc-macro-error v1.0.4
[1m[92m  Downloaded[0m proc-macro-crate v2.0.2
[1m[92m  Downloaded[0m cfb v0.7.3
[1m[92m  Downloaded[0m cookie v0.18.2
[1m[92m  Downloaded[0m rand_chacha v0.9.0
[1m[92m  Downloaded[0m ctor v0.8.0
[1m[92m  Downloaded[0m ctor-proc-macro v0.0.7
[1m[92m  Downloaded[0m dunce v1.0.5
[1m[92m  Downloaded[0m rustc-hash v2.1.3
[1m[92m  Downloaded[0m atoi v2.0.0
[1m[92m  Downloaded[0m borsh v1.8.1
[1m[92m  Downloaded[0m borsh-derive v1.8.1
[1m[92m  Downloaded[0m dirs-sys v0.5.0
[1m[92m  Downloaded[0m crypto-common v0.1.7
[1m[92m  Downloaded[0m dom_query v0.27.0
[1m[92m  Downloaded[0m dirs v6.0.0
[1m[92m  Downloaded[0m cssparser-macros v0.6.1
[1m[92m  Downloaded[0m proc-macro2 v1.0.107
[1m[92m  Downloaded[0m bit-set v0.8.0
[1m[92m  Downloaded[0m crossbeam-queue v0.3.14
[1m[92m  Downloaded[0m find-msvc-tools v0.1.12
[1m[92m  Downloaded[0m foldhash v0.2.0
[1m[92m  Downloaded[0m arrayvec v0.7.8
[1m[92m  Downloaded[0m ppv-lite86 v0.2.21
[1m[92m  Downloaded[0m serde_json v1.0.151
[1m[92m  Downloaded[0m serde_urlencoded v0.7.1
[1m[92m  Downloaded[0m cfg_aliases v0.2.2
[1m[92m  Downloaded[0m futures-io v0.3.34
[1m[92m  Downloaded[0m crossbeam-utils v0.8.23
[1m[92m  Downloaded[0m defmt-parser v1.0.0
[1m[92m  Downloaded[0m dotenvy v0.15.7
[1m[92m  Downloaded[0m either v1.18.0
[1m[92m  Downloaded[0m cfg-if v1.0.4
[1m[92m  Downloaded[0m dtoa-short v0.3.5
[1m[92m  Downloaded[0m equivalent v1.0.2
[1m[92m  Downloaded[0m field-offset v0.3.6
[1m[92m  Downloaded[0m futures-sink v0.3.34
[1m[92m  Downloaded[0m futures-macro v0.3.34
[1m[92m  Downloaded[0m crc v3.4.0
[1m[92m  Downloaded[0m dlopen2_derive v0.4.3
[1m[92m  Downloaded[0m ident_case v1.0.1
[1m[92m  Downloaded[0m dpi v0.1.2
[1m[92m  Downloaded[0m cairo-sys-rs v0.18.2
[1m[92m  Downloaded[0m darling_macro v0.24.1
[1m[92m  Downloaded[0m ref-cast-impl v1.0.27
[1m[92m  Downloaded[0m serialize-to-javascript-impl v0.1.2
[1m[92m  Downloaded[0m bs58 v0.5.1
[1m[92m  Downloaded[0m camino v1.2.5
[1m[92m  Downloaded[0m deranged v0.5.8
[1m[92m  Downloaded[0m digest v0.10.7
[1m[92m  Downloaded[0m displaydoc v0.2.7
[1m[92m  Downloaded[0m foldhash v0.1.5
[1m[92m  Downloaded[0m dyn-clone v1.0.20
[1m[92m  Downloaded[0m fnv v1.0.7
[1m[92m  Downloaded[0m form_urlencoded v1.2.2
[1m[92m  Downloaded[0m memoffset v0.9.1
[1m[92m  Downloaded[0m dtoa v1.0.11
[1m[92m  Downloaded[0m cpufeatures v0.2.17
[1m[92m  Downloaded[0m dlopen2 v0.8.2
[1m[92m  Downloaded[0m autocfg v1.5.1
[1m[92m  Downloaded[0m base64ct v1.8.3
[1m[92m  Downloaded[0m defmt-macros v1.1.1
[1m[92m  Downloaded[0m serde_repr v0.1.21
[1m[92m  Downloaded[0m serde_spanned v1.1.1
[1m[92m  Downloaded[0m dtor-proc-macro v0.0.6
[1m[92m  Downloaded[0m futures-core v0.3.34
[1m[92m  Downloaded[0m cargo_toml v0.22.3
[1m[92m  Downloaded[0m erased-serde v0.4.10
[1m[92m  Downloaded[0m futures-executor v0.3.34
[1m[92m  Downloaded[0m sha1 v0.10.7
[1m[92m  Downloaded[0m crossbeam-channel v0.5.17
[1m[92m  Downloaded[0m percent-encoding v2.3.2
[1m[92m  Downloaded[0m powerfmt v0.2.0
[1m[92m  Downloaded[0m serde_spanned v0.6.9
[1m[92m  Downloaded[0m serialize-to-javascript v0.1.2
[1m[92m  Downloaded[0m anyhow v1.0.104
[1m[92m  Downloaded[0m atk-sys v0.18.2
[1m[92m  Downloaded[0m cargo-platform v0.1.9
[1m[92m  Downloaded[0m cargo_metadata v0.19.2
[1m[92m  Downloaded[0m crc-catalog v2.5.0
[1m[92m  Downloaded[0m defmt v1.1.1
[1m[92m  Downloaded[0m embed-resource v3.0.11
[1m[92m  Downloaded[0m event-listener v5.4.2
[1m[92m  Downloaded[0m fastrand v2.5.0
[1m[92m  Downloaded[0m bit-vec v0.8.0
[1m[92m  Downloaded[0m fdeflate v0.3.7
[1m[92m  Downloaded[0m futures-channel v0.3.34
[1m[92m  Downloaded[0m libappindicator-sys v0.9.0
[1m[92m  Downloaded[0m mime v0.3.17
[1m[92m  Downloaded[0m precomputed-hash v0.1.1
[1m[92m  Downloaded[0m unic-ucd-ident v0.9.0
[1m[92m  Downloaded[0m utf8_iter v1.0.4
[1m[92m  Downloaded[0m byteorder v1.5.0
[1m[92m  Downloaded[0m cssparser v0.36.0
[1m[92m  Downloaded[0m darling v0.24.1
[1m[92m  Downloaded[0m darling_core v0.24.1
[1m[92m  Downloaded[0m dtor v0.3.0
[1m[92m  Downloaded[0m potential_utf v0.1.6
[1m[92m  Downloaded[0m unic-char-property v0.9.0
[1m[92m  Downloaded[0m version-compare v0.2.1
[1m[92m  Downloaded[0m cairo-rs v0.18.5
[1m[92m  Downloaded[0m cfg-expr v0.15.8
[1m[92m  Downloaded[0m const-oid v0.9.6
[1m[92m  Downloaded[0m crc32fast v1.5.2
[1m[92m  Downloaded[0m indexmap v2.14.2
[1m[92m  Downloaded[0m log v0.4.34
[1m[92m  Downloaded[0m phf v0.13.1
[1m[92m  Downloaded[0m string_cache_codegen v0.6.1
[1m[92m  Downloaded[0m base64 v0.22.1
[1m[92m  Downloaded[0m flate2 v1.1.10
[1m[92m  Downloaded[0m webkit2gtk-sys v2.0.2
[1m[92m  Downloaded[0m bytes v1.12.1
[1m[92m  Downloaded[0m dbus v0.9.12
[1m[92m  Downloaded[0m der v0.7.10
[1m[92m  Downloaded[0m flume v0.11.1
[1m[92m  Downloaded[0m siphasher v1.0.3
[1m[92m  Downloaded[0m toml_parser v1.1.3+spec-1.1.0
[1m[92m  Downloaded[0m unicode-properties v0.1.4
[1m[92m  Downloaded[0m base64 v0.23.1
[1m[92m  Downloaded[0m futures-intrusive v0.5.0
[1m[92m  Downloaded[0m sqlx-macros v0.8.6
[1m[92m  Downloaded[0m zerofrom-derive v0.1.7
[1m[92m  Downloaded[0m derive_more v2.1.1
[1m[92m  Downloaded[0m scopeguard v1.2.0
[1m[92m  Downloaded[0m zeroize v1.9.0
[1m[92m  Downloaded[0m derive_more-impl v2.1.1
[1m[92m  Downloaded[0m png v0.17.16
[1m[92m  Downloaded[0m toml_writer v1.1.2+spec-1.1.0
[1m[92m  Downloaded[0m x11-dl v2.21.0
[1m[92m  Downloaded[0m cc v1.4.6
[1m[92m  Downloaded[0m libm v0.2.16
[1m[92m  Downloaded[0m brotli-decompressor v5.0.3
[1m[92m  Downloaded[0m chrono v0.4.45
[1m[92m  Downloaded[0m gdk-sys v0.18.2
[1m[92m  Downloaded[0m rustc_version v0.4.1
[1m[92m  Downloaded[0m zerofrom v0.1.8
[1m[92m  Downloaded[0m generic-array v0.14.7
[1m[92m  Downloaded[0m gtk3-macros v0.18.2
[1m[92m  Downloaded[0m brotli v8.0.4
[1m[92m  Downloaded[0m heck v0.4.1
[1m[92m  Downloaded[0m hex v0.4.3
[1m[92m  Downloaded[0m idna_adapter v1.2.2
[1m[92m  Downloaded[0m indexmap v1.9.3
[1m[92m  Downloaded[0m javascriptcore-rs-sys v1.1.1
[1m[92m  Downloaded[0m keyboard-types v0.7.0
[1m[92m  Downloaded[0m new_debug_unreachable v1.0.6
[1m[92m  Downloaded[0m num-conv v0.2.2
[1m[92m  Downloaded[0m pin-project-lite v0.2.17
[1m[92m  Downloaded[0m same-file v1.0.6
[1m[92m  Downloaded[0m parking v2.2.1
[1m[92m  Downloaded[0m time-core v0.1.9
[1m[92m  Downloaded[0m libappindicator v0.9.0
[1m[92m  Downloaded[0m ref-cast v1.0.27
[1m[92m  Downloaded[0m strsim v0.11.1
[1m[92m  Downloaded[0m subtle v2.6.1
[1m[92m  Downloaded[0m rand_core v0.9.5
[1m[92m  Downloaded[0m smallvec v1.16.1
[1m[92m  Downloaded[0m hkdf v0.12.4
[1m[92m  Downloaded[0m phf_generator v0.13.1
[1m[92m  Downloaded[0m getrandom v0.4.3
[1m[92m  Downloaded[0m gtk-sys v0.18.2
[1m[92m  Downloaded[0m heck v0.5.0
[1m[92m  Downloaded[0m lazy_static v1.5.0
[1m[92m  Downloaded[0m miniz_oxide v0.8.9
[1m[92m  Downloaded[0m num-bigint-dig v0.8.6
[1m[92m  Downloaded[0m num-integer v0.1.47
[1m[92m  Downloaded[0m pkcs1 v0.7.5
[1m[92m  Downloaded[0m rand_chacha v0.3.1
[1m[92m  Downloaded[0m rand_core v0.6.4
[1m[92m  Downloaded[0m serde-untagged v0.1.9
[1m[92m  Downloaded[0m servo_arc v0.4.3
[1m[92m  Downloaded[0m sha2 v0.10.9
[1m[92m  Downloaded[0m simd-adler32 v0.3.10
[1m[92m  Downloaded[0m tracing-attributes v0.1.31
[1m[92m  Downloaded[0m typeid v1.0.3
[1m[92m  Downloaded[0m writeable v0.6.4
[1m[92m  Downloaded[0m yoke v0.8.3
[1m[92m  Downloaded[0m getrandom v0.3.4
[1m[92m  Downloaded[0m hashbrown v0.15.5
[1m[92m  Downloaded[0m hashlink v0.10.0
[1m[92m  Downloaded[0m icu_normalizer_data v2.3.0
[1m[92m  Downloaded[0m icu_properties v2.3.0
[1m[92m  Downloaded[0m lock_api v0.4.14
[1m[92m  Downloaded[0m quote v1.0.47
[1m[92m  Downloaded[0m semver v1.0.28
[1m[92m  Downloaded[0m signature v2.2.0
[1m[92m  Downloaded[0m slab v0.4.12
[1m[92m  Downloaded[0m tracing v0.1.44
[1m[92m  Downloaded[0m tracing-core v0.1.36
[1m[92m  Downloaded[0m tray-icon v0.24.2
[1m[92m  Downloaded[0m typenum v1.20.1
[1m[92m  Downloaded[0m wry v0.55.1
[1m[92m  Downloaded[0m x11 v2.21.0
[1m[92m  Downloaded[0m futures-util v0.3.34
[1m[92m  Downloaded[0m hashbrown v0.17.1
[1m[92m  Downloaded[0m schemars_derive v0.8.22
[1m[92m  Downloaded[0m string_cache v0.9.0
[1m[92m  Downloaded[0m shlex v2.0.1
[1m[92m  Downloaded[0m thiserror-impl v1.0.69
[1m[92m  Downloaded[0m synstructure v0.13.2
[1m[92m  Downloaded[0m tauri-winres v0.3.6
[1m[92m  Downloaded[0m spki v0.7.3
[1m[92m  Downloaded[0m stringprep v0.1.5
[1m[92m  Downloaded[0m thiserror v1.0.69
[1m[92m  Downloaded[0m gdk-pixbuf v0.18.5
[1m[92m  Downloaded[0m litemap v0.8.3
[1m[92m  Downloaded[0m phf_macros v0.13.1
[1m[92m  Downloaded[0m serde_derive_internals v0.29.1
[1m[92m  Downloaded[0m stable_deref_trait v1.2.1
[1m[92m  Downloaded[0m target-lexicon v0.12.16
[1m[92m  Downloaded[0m tauri-plugin v2.6.3
[1m[92m  Downloaded[0m thiserror v2.0.20
[1m[92m  Downloaded[0m unic-common v0.9.0
[1m[92m  Downloaded[0m gdk v0.18.2
[1m[92m  Downloaded[0m markup5ever v0.38.0
[1m[92m  Downloaded[0m proc-macro-crate v1.3.1
[1m[92m  Downloaded[0m unicode-bidi v0.3.18
[1m[92m  Downloaded[0m unicode-normalization v0.1.25
[1m[92m  Downloaded[0m url v2.5.8
[1m[92m  Downloaded[0m zmij v1.0.23
[1m[92m  Downloaded[0m md-5 v0.10.6
[1m[92m  Downloaded[0m tokio-stream v0.1.19
[1m[92m  Downloaded[0m unicode-ident v1.0.24
[1m[92m  Downloaded[0m serde_with_macros v3.23.0
[1m[92m  Downloaded[0m soup3 v0.5.0
[1m[92m  Downloaded[0m soup3-sys v0.5.0
[1m[92m  Downloaded[0m tauri-build v2.6.3
[1m[92m  Downloaded[0m tinystr v0.8.4
[1m[92m  Downloaded[0m toml_datetime v1.1.1+spec-1.1.0
[1m[92m  Downloaded[0m urlpattern v0.3.0
[1m[92m  Downloaded[0m uuid v1.26.1
[1m[92m  Downloaded[0m gdk-pixbuf-sys v0.18.0
[1m[92m  Downloaded[0m itoa v1.0.18
[1m[92m  Downloaded[0m javascriptcore-rs v1.1.2
[1m[92m  Downloaded[0m jiff-core v0.1.1
[1m[92m  Downloaded[0m pango v0.18.3
[1m[92m  Downloaded[0m pkcs8 v0.10.2
[1m[92m  Downloaded[0m raw-window-handle v0.6.2
[1m[92m  Downloaded[0m system-deps v6.2.2
[1m[92m  Downloaded[0m unic-ucd-version v0.9.0
[1m[92m  Downloaded[0m glib v0.18.5
[1m[92m  Downloaded[0m tauri-codegen v2.6.3
[1m[92m  Downloaded[0m tendril v0.5.1
[1m[92m  Downloaded[0m sqlx-macros-core v0.8.6
[1m[92m  Downloaded[0m tauri-macros v2.6.3
[1m[92m  Downloaded[0m once_cell v1.21.4
[1m[92m  Downloaded[0m time-macros v0.2.32
[1m[92m  Downloaded[0m jsonptr v0.6.3
[1m[92m  Downloaded[0m spin v0.9.9
[1m[92m  Downloaded[0m ryu v1.0.23
[1m[92m  Downloaded[0m libloading v0.7.4
[1m[92m  Downloaded[0m pkg-config v0.3.34
[1m[92m  Downloaded[0m toml_datetime v0.7.5+spec-1.1.0
[1m[92m  Downloaded[0m gdkx11 v0.18.2
[1m[92m  Downloaded[0m json-patch v3.0.1
[1m[92m  Downloaded[0m plist v1.10.1
[1m[92m  Downloaded[0m unic-char-range v0.9.0
[1m[92m  Downloaded[0m unicode-segmentation v1.13.3
[1m[92m  Downloaded[0m gdkwayland-sys v0.18.2
[1m[92m  Downloaded[0m gdkx11-sys v0.18.2
[1m[92m  Downloaded[0m idna v1.1.0
[1m[92m  Downloaded[0m num-iter v0.1.46
[1m[92m  Downloaded[0m png v0.18.1
[1m[92m  Downloaded[0m tauri-runtime v2.11.3
[1m[92m  Downloaded[0m yoke-derive v0.8.2
[1m[92m  Downloaded[0m zerotrie v0.2.5
[1m[92m  Downloaded[0m glob v0.3.4
[1m[92m  Downloaded[0m home v0.5.12
[1m[92m  Downloaded[0m parking_lot_core v0.9.12
[1m[92m  Downloaded[0m serde_core v1.0.229
[1m[92m  Downloaded[0m serde_derive v1.0.229
[1m[92m  Downloaded[0m thiserror-impl v2.0.20
[1m[92m  Downloaded[0m version_check v0.9.5
[1m[92m  Downloaded[0m whoami v1.6.1
[1m[92m  Downloaded[0m zerovec-derive v0.11.6
[1m[92m  Downloaded[0m gobject-sys v0.18.0
[1m[92m  Downloaded[0m hmac v0.12.1
[1m[92m  Downloaded[0m iana-time-zone v0.1.65
[1m[92m  Downloaded[0m infer v0.19.0
[1m[92m  Downloaded[0m num-traits v0.2.19
[1m[92m  Downloaded[0m option-ext v0.2.0
[1m[92m  Downloaded[0m schemars v0.8.22
[1m[92m  Downloaded[0m socket2 v0.6.5
[1m[92m  Downloaded[0m tauri-plugin-sql v2.4.1
[1m[92m  Downloaded[0m getrandom v0.2.17
[1m[92m  Downloaded[0m gio-sys v0.18.1
[1m[92m  Downloaded[0m ico v0.5.0
[1m[92m  Downloaded[0m icu_locale_core v2.3.0
[1m[92m  Downloaded[0m selectors v0.36.1
[1m[92m  Downloaded[0m sqlx-mysql v0.8.6
[1m[92m  Downloaded[0m tauri-runtime-wry v2.11.4
[1m[92m  Downloaded[0m glib-sys v0.18.1
[1m[92m  Downloaded[0m icu_collections v2.3.0
[1m[92m  Downloaded[0m mio v1.2.3
[1m[92m  Downloaded[0m pem-rfc7468 v0.7.0
[1m[92m  Downloaded[0m rand v0.8.8
[1m[92m  Downloaded[0m hashbrown v0.12.3
[1m[92m  Downloaded[0m icu_normalizer v2.3.0
[1m[92m  Downloaded[0m parking_lot v0.12.5
[1m[92m  Downloaded[0m zerovec v0.11.8
[1m[92m  Downloaded[0m winnow v0.7.15
[1m[92m  Downloaded[0m muda v0.19.3
[1m[92m  Downloaded[0m pango-sys v0.18.0
[1m[92m  Downloaded[0m vcpkg v0.2.15
[1m[92m  Downloaded[0m miniz_oxide v0.9.1
[1m[92m  Downloaded[0m zlib-rs v0.6.7
[1m[92m  Downloaded[0m serde v1.0.229
[1m[92m  Downloaded[0m icu_provider v2.3.1
[1m[92m  Downloaded[0m toml v0.8.2
[1m[92m  Downloaded[0m memchr v2.8.3
[1m[92m  Downloaded[0m zerocopy v0.8.57
[1m[92m  Downloaded[0m jiff v0.2.37
[1m[92m  Downloaded[0m schemars v0.9.0
[1m[92m  Downloaded[0m tinyvec v1.13.3
[1m[92m  Downloaded[0m phf_codegen v0.13.1
[1m[92m  Downloaded[0m toml v1.1.6+spec-1.1.0
[1m[92m  Downloaded[0m rand v0.9.5
[1m[92m  Downloaded[0m libc v0.2.189
[1m[92m  Downloaded[0m toml v0.9.12+spec-1.1.0
[1m[92m  Downloaded[0m glib-macros v0.18.5
[1m[92m  Downloaded[0m toml_datetime v0.6.3
[1m[92m  Downloaded[0m schemars v1.2.2
[1m[92m  Downloaded[0m phf_shared v0.13.1
[1m[92m  Downloaded[0m rsa v0.9.10
[1m[92m  Downloaded[0m libdbus-sys v0.2.7
[1m[92m  Downloaded[0m sqlx-sqlite v0.8.6
[1m[92m  Downloaded[0m sqlx-core v0.8.6
[1m[92m  Downloaded[0m walkdir v2.5.0
[1m[92m  Downloaded[0m tauri-utils v2.9.3
[1m[92m  Downloaded[0m toml_edit v0.19.15
[1m[92m  Downloaded[0m web_atoms v0.2.6
[1m[92m  Downloaded[0m sqlx-postgres v0.8.6
[1m[92m  Downloaded[0m libsqlite3-sys v0.30.1
[1m[92m  Downloaded[0m toml_edit v0.25.15+spec-1.1.0
[1m[92m  Downloaded[0m regex v1.13.1
[1m[92m  Downloaded[0m webkit2gtk v2.0.2
[1m[92m  Downloaded[0m html5ever v0.38.0
[1m[92m  Downloaded[0m rust_decimal v1.43.0
[1m[92m  Downloaded[0m serde_with v3.23.0
[1m[92m  Downloaded[0m http v1.5.0
[1m[92m  Downloaded[0m toml_edit v0.20.2
[1m[92m  Downloaded[0m winnow v1.0.4
[1m[92m  Downloaded[0m sqlx v0.8.6
[1m[92m  Downloaded[0m icu_properties_data v2.3.0
[1m[92m  Downloaded[0m quick-xml v0.42.0
[1m[92m  Downloaded[0m gio v0.18.4
[1m[92m  Downloaded[0m syn v1.0.109
[1m[92m  Downloaded[0m winnow v0.5.40
[1m[92m  Downloaded[0m tauri v2.11.5
[1m[92m  Downloaded[0m time v0.3.55
[1m[92m  Downloaded[0m syn v2.0.119
[1m[92m  Downloaded[0m syn v3.0.5
[1m[92m  Downloaded[0m tao v0.35.3
[1m[92m  Downloaded[0m regex-syntax v0.8.11
[1m[92m  Downloaded[0m gtk v0.18.2
[1m[92m  Downloaded[0m regex-automata v0.4.18
[1m[92m  Downloaded[0m tokio v1.53.1
[1m[92m   Compiling[0m proc-macro2 v1.0.107
[1m[92m   Compiling[0m unicode-ident v1.0.24
[1m[92m   Compiling[0m quote v1.0.47
[1m[92m   Compiling[0m serde_core v1.0.229
[1m[92m   Compiling[0m serde v1.0.229
[1m[92m   Compiling[0m smallvec v1.16.1
[1m[92m   Compiling[0m equivalent v1.0.2
[1m[92m   Compiling[0m hashbrown v0.17.1
[1m[92m   Compiling[0m libc v0.2.189
[1m[92m   Compiling[0m pkg-config v0.3.34
[1m[92m   Compiling[0m syn v3.0.5
[1m[92m   Compiling[0m syn v2.0.119
[1m[92m   Compiling[0m indexmap v2.14.2
[1m[92m   Compiling[0m heck v0.5.0
[1m[92m   Compiling[0m winnow v0.5.40
[1m[92m   Compiling[0m target-lexicon v0.12.16
[1m[92m   Compiling[0m cfg-expr v0.15.8
[1m[92m   Compiling[0m version-compare v0.2.1
[1m[92m   Compiling[0m version_check v0.9.5
[1m[92m   Compiling[0m autocfg v1.5.1
[1m[92m   Compiling[0m synstructure v0.13.2
[1m[92m   Compiling[0m icu_properties_data v2.3.0
[1m[92m   Compiling[0m icu_normalizer_data v2.3.0
[1m[92m   Compiling[0m serde_derive v1.0.229
[1m[92m   Compiling[0m zerovec-derive v0.11.6
[1m[92m   Compiling[0m zerofrom-derive v0.1.7
[1m[92m   Compiling[0m yoke-derive v0.8.2
[1m[92m   Compiling[0m displaydoc v0.2.7
[1m[92m   Compiling[0m stable_deref_trait v1.2.1
[1m[92m   Compiling[0m cfg-if v1.0.4
[1m[92m   Compiling[0m thiserror v1.0.69
[1m[92m   Compiling[0m thiserror-impl v1.0.69
[1m[92m    Checking[0m memchr v2.8.3
[1m[92m   Compiling[0m zmij v1.0.23
[1m[92m   Compiling[0m parking_lot_core v0.9.12
[1m[92m   Compiling[0m siphasher v1.0.3
[1m[92m   Compiling[0m zerofrom v0.1.8
[1m[92m   Compiling[0m phf_shared v0.13.1
[1m[92m   Compiling[0m yoke v0.8.3
[1m[92m   Compiling[0m fastrand v2.5.0
[1m[92m   Compiling[0m phf_generator v0.13.1
[1m[92m   Compiling[0m zerovec v0.11.8
[1m[92m   Compiling[0m num-conv v0.2.2
[1m[92m   Compiling[0m time-core v0.1.9
[1m[92m   Compiling[0m thiserror v2.0.20
[1m[92m   Compiling[0m time-macros v0.2.32
[1m[92m   Compiling[0m toml_datetime v0.6.3
[1m[92m   Compiling[0m serde_spanned v0.6.9
[1m[92m   Compiling[0m thiserror-impl v2.0.20
[1m[92m   Compiling[0m toml_edit v0.20.2
[1m[92m    Checking[0m futures-core v0.3.34
[1m[92m    Checking[0m pin-project-lite v0.2.17
[1m[92m   Compiling[0m itoa v1.0.18
[1m[92m   Compiling[0m scopeguard v1.2.0
[1m[92m   Compiling[0m lock_api v0.4.14
[1m[92m   Compiling[0m tinystr v0.8.4
[1m[92m   Compiling[0m semver v1.0.28
[1m[92m   Compiling[0m writeable v0.6.4
[1m[92m   Compiling[0m litemap v0.8.3
[1m[92m   Compiling[0m potential_utf v0.1.6
[1m[92m   Compiling[0m icu_locale_core v2.3.0
[1m[92m   Compiling[0m zerotrie v0.2.5
[1m[92m    Checking[0m once_cell v1.21.4
[1m[92m    Checking[0m futures-sink v0.3.34
[1m[92m   Compiling[0m utf8_iter v1.0.4
[1m[92m   Compiling[0m icu_collections v2.3.0
[1m[92m   Compiling[0m parking_lot v0.12.5
[1m[92m   Compiling[0m toml v0.8.2
[1m[92m   Compiling[0m phf_macros v0.13.1
[1m[92m   Compiling[0m system-deps v6.2.2
[1m[92m   Compiling[0m icu_provider v2.3.1
[1m[92m   Compiling[0m futures-macro v0.3.34
[1m[92m   Compiling[0m proc-macro-error-attr v1.0.4
[1m[92m   Compiling[0m serde_json v1.0.151
[1m[92m   Compiling[0m syn v1.0.109
[1m[92m   Compiling[0m glib-sys v0.18.1
[1m[92m   Compiling[0m gobject-sys v0.18.0
[1m[92m   Compiling[0m gio-sys v0.18.1
[1m[92m    Checking[0m futures-task v0.3.34
[1m[92m    Checking[0m futures-io v0.3.34
[1m[92m   Compiling[0m getrandom v0.4.3
[1m[92m    Checking[0m slab v0.4.12
[1m[92m   Compiling[0m icu_normalizer v2.3.0
[1m[92m    Checking[0m futures-util v0.3.34
[1m[92m   Compiling[0m icu_properties v2.3.0
[1m[92m   Compiling[0m proc-macro-error v1.0.4
[1m[92m   Compiling[0m typeid v1.0.3
[1m[92m   Compiling[0m log v0.4.34
[1m[92m   Compiling[0m percent-encoding v2.3.2
[1m[92m   Compiling[0m idna_adapter v1.2.2
[1m[92m   Compiling[0m form_urlencoded v1.2.2
[1m[92m   Compiling[0m gdk-sys v0.18.2
[1m[92m   Compiling[0m phf_codegen v0.13.1
[1m[92m   Compiling[0m generic-array v0.14.7
[1m[92m   Compiling[0m ident_case v1.0.1
[1m[92m   Compiling[0m strsim v0.11.1
[1m[92m   Compiling[0m darling_core v0.24.1
[1m[92m    Checking[0m futures-executor v0.3.34
[1m[92m   Compiling[0m uuid v1.26.1
[1m[92m   Compiling[0m idna v1.1.0
[1m[92m    Checking[0m futures-channel v0.3.34
[1m[92m   Compiling[0m erased-serde v0.4.10
[1m[92m   Compiling[0m bytes v1.12.1
[1m[92m   Compiling[0m url v2.5.8
[1m[92m   Compiling[0m proc-macro-crate v2.0.2
[1m[92m   Compiling[0m rustc_version v0.4.1
[1m[92m    Checking[0m bitflags v2.13.2
[1m[92m   Compiling[0m shlex v2.0.1
[1m[92m   Compiling[0m deranged v0.5.8
[1m[92m   Compiling[0m heck v0.4.1
[1m[92m   Compiling[0m new_debug_unreachable v1.0.6
[1m[92m   Compiling[0m find-msvc-tools v0.1.12
[1m[92m   Compiling[0m powerfmt v0.2.0
[1m[92m   Compiling[0m cc v1.4.6
[1m[92m   Compiling[0m glib-macros v0.18.5
[1m[92m   Compiling[0m time v0.3.55
[1m[92m   Compiling[0m darling_macro v0.24.1
[1m[92m   Compiling[0m gdk-pixbuf-sys v0.18.0
[1m[92m   Compiling[0m darling v0.24.1
[1m[92m   Compiling[0m pango-sys v0.18.0
[1m[92m   Compiling[0m cairo-sys-rs v0.18.2
[1m[92m   Compiling[0m phf v0.13.1
[1m[92m   Compiling[0m string_cache_codegen v0.6.1
[1m[92m   Compiling[0m winnow v1.0.4
[1m[92m   Compiling[0m precomputed-hash v0.1.1
[1m[92m   Compiling[0m anyhow v1.0.104
[1m[92m   Compiling[0m web_atoms v0.2.6
[1m[92m   Compiling[0m toml_parser v1.1.3+spec-1.1.0
[1m[92m   Compiling[0m serde_with_macros v3.23.0
[1m[92m    Checking[0m glib v0.18.5
[1m[92m   Compiling[0m atk-sys v0.18.2
[1m[92m   Compiling[0m serde_spanned v1.1.1
[1m[92m   Compiling[0m toml_writer v1.1.2+spec-1.1.0
[1m[92m   Compiling[0m crossbeam-utils v0.8.23
[1m[92m   Compiling[0m ctor-proc-macro v0.0.7
[1m[92m   Compiling[0m string_cache v0.9.0
[1m[92m   Compiling[0m dtoa v1.0.11
[1m[92m   Compiling[0m dtoa-short v0.3.5
[1m[92m   Compiling[0m tendril v0.5.1
[1m[92m   Compiling[0m selectors v0.36.1
[1m[92m   Compiling[0m aho-corasick v1.1.5
[1m[92m   Compiling[0m derive_more-impl v2.1.1
[1m[92m   Compiling[0m cssparser-macros v0.6.1
[1m[92m   Compiling[0m indexmap v1.9.3
[1m[92m   Compiling[0m toml_datetime v1.1.1+spec-1.1.0
[1m[92m   Compiling[0m unic-common v0.9.0
[1m[92m   Compiling[0m camino v1.2.5
[1m[92m   Compiling[0m byteorder v1.5.0
[1m[92m   Compiling[0m gio v0.18.4
[1m[92m   Compiling[0m regex-syntax v0.8.11
[1m[92m   Compiling[0m unic-char-range v0.9.0
[1m[92m   Compiling[0m alloc-no-stdlib v2.0.4
[1m[92m   Compiling[0m alloc-stdlib v0.2.4
[1m[92m   Compiling[0m unic-char-property v0.9.0
[1m[92m   Compiling[0m derive_more v2.1.1
[1m[92m   Compiling[0m unic-ucd-version v0.9.0
[1m[92m   Compiling[0m toml v1.1.6+spec-1.1.0
[1m[92m   Compiling[0m cssparser v0.36.0
[1m[92m   Compiling[0m regex-automata v0.4.18
[1m[92m   Compiling[0m markup5ever v0.38.0
[1m[92m   Compiling[0m gtk-sys v0.18.2
[1m[92m   Compiling[0m servo_arc v0.4.3
[1m[92m   Compiling[0m num-traits v0.2.19
[1m[92m   Compiling[0m serde_derive_internals v0.29.1
[1m[92m   Compiling[0m rustc-hash v2.1.3
[1m[92m   Compiling[0m bit-vec v0.8.0
[1m[92m   Compiling[0m hashbrown v0.12.3
[1m[92m   Compiling[0m schemars v0.8.22
[1m[92m   Compiling[0m fnv v1.0.7
[1m[92m   Compiling[0m schemars_derive v0.8.22
[1m[92m   Compiling[0m cfb v0.7.3
[1m[92m   Compiling[0m regex v1.13.1
[1m[92m   Compiling[0m bit-set v0.8.0
[1m[92m   Compiling[0m html5ever v0.38.0
[1m[92m   Compiling[0m unic-ucd-ident v0.9.0
[1m[92m   Compiling[0m brotli-decompressor v5.0.3
[1m[92m   Compiling[0m jsonptr v0.6.3
[1m[92m   Compiling[0m cargo-platform v0.1.9
[1m[92m   Compiling[0m quick-xml v0.42.0
[1m[92m   Compiling[0m dunce v1.0.5
[1m[92m   Compiling[0m base64 v0.23.1
[1m[92m   Compiling[0m same-file v1.0.6
[1m[92m   Compiling[0m dyn-clone v1.0.20
[1m[92m   Compiling[0m typenum v1.20.1
[1m[92m   Compiling[0m foldhash v0.2.0
[1m[92m   Compiling[0m dom_query v0.27.0
[1m[92m   Compiling[0m plist v1.10.1
[1m[92m   Compiling[0m walkdir v2.5.0
[1m[92m   Compiling[0m brotli v8.0.4
[1m[92m   Compiling[0m json-patch v3.0.1
[1m[92m   Compiling[0m cargo_metadata v0.19.2
[1m[92m   Compiling[0m urlpattern v0.3.0
[1m[92m   Compiling[0m serde-untagged v0.1.9
[1m[92m   Compiling[0m infer v0.19.0
[1m[92m   Compiling[0m serde_with v3.23.0
[1m[92m   Compiling[0m ctor v0.8.0
[1m[92m   Compiling[0m http v1.5.0
[1m[92m   Compiling[0m glob v0.3.4
[1m[92m   Compiling[0m memoffset v0.9.1
[1m[92m   Compiling[0m tauri-utils v2.9.3
[1m[92m   Compiling[0m crypto-common v0.1.7
[1m[92m   Compiling[0m block-buffer v0.10.4
[1m[92m    Checking[0m cairo-rs v0.18.5
[1m[92m    Checking[0m gdk-pixbuf v0.18.5
[1m[92m    Checking[0m pango v0.18.3
[1m[92m   Compiling[0m field-offset v0.3.6
[1m[92m   Compiling[0m toml_edit v0.19.15
[1m[92m   Compiling[0m digest v0.10.7
[1m[92m    Checking[0m gdk v0.18.2
[1m[92m   Compiling[0m proc-macro-crate v1.3.1
[1m[92m   Compiling[0m soup3-sys v0.5.0
[1m[92m   Compiling[0m javascriptcore-rs-sys v1.1.1
[1m[92m   Compiling[0m tracing-attributes v0.1.31
[1m[92m   Compiling[0m toml_datetime v0.7.5+spec-1.1.0
[1m[92m   Compiling[0m gtk v0.18.2
[1m[92m   Compiling[0m vcpkg v0.2.15
[1m[92m   Compiling[0m simd-adler32 v0.3.10
[1m[92m   Compiling[0m winnow v0.7.15
[1m[92m   Compiling[0m option-ext v0.2.0
[1m[92m   Compiling[0m cpufeatures v0.2.17
[1m[92m   Compiling[0m sha2 v0.10.9
[1m[92m   Compiling[0m dirs-sys v0.5.0
[1m[92m   Compiling[0m libsqlite3-sys v0.30.1
[1m[92m   Compiling[0m gtk3-macros v0.18.2
[1m[92m    Checking[0m atk v0.18.2
[1m[92m   Compiling[0m embed-resource v3.0.11
[1m[92m   Compiling[0m toml v0.9.12+spec-1.1.0
[1m[92m   Compiling[0m webkit2gtk-sys v2.0.2
[1m[92m   Compiling[0m x11 v2.21.0
[1m[92m   Compiling[0m base64 v0.22.1
[1m[92m   Compiling[0m adler2 v2.0.1
[1m[92m   Compiling[0m crc32fast v1.5.2
[1m[92m   Compiling[0m cargo_toml v0.22.3
[1m[92m   Compiling[0m tauri-winres v0.3.6
[1m[92m   Compiling[0m dirs v6.0.0
[1m[92m   Compiling[0m gdkx11-sys v0.18.2
[1m[92m   Compiling[0m mio v1.2.3
[1m[92m   Compiling[0m socket2 v0.6.5
[1m[92m   Compiling[0m foldhash v0.1.5
[1m[92m   Compiling[0m rust_decimal v1.43.0
[1m[92m    Checking[0m bitflags v1.3.2
[1m[92m   Compiling[0m allocator-api2 v0.2.21
[1m[92m   Compiling[0m hashbrown v0.15.5
[1m[92m   Compiling[0m tokio v1.53.1
[1m[92m   Compiling[0m tauri-build v2.6.3
[1m[92m   Compiling[0m miniz_oxide v0.9.1
[1m[92m   Compiling[0m tracing-core v0.1.36
[1m[92m    Checking[0m dpi v0.1.2
[1m[92m   Compiling[0m cookie v0.18.2
[1m[92m   Compiling[0m x11-dl v2.21.0
[1m[92m   Compiling[0m libdbus-sys v0.2.7
[1m[92m   Compiling[0m arrayvec v0.7.8
[1m[92m   Compiling[0m crc-catalog v2.5.0
[1m[92m   Compiling[0m parking v2.2.1
[1m[92m   Compiling[0m event-listener v5.4.2
[1m[92m   Compiling[0m crc v3.4.0
[1m[92m   Compiling[0m tokio-stream v0.1.19
[1m[92m   Compiling[0m tracing v0.1.44
[1m[92m   Compiling[0m crossbeam-queue v0.3.14
[1m[92m   Compiling[0m flate2 v1.1.10
[1m[92m   Compiling[0m hashlink v0.10.0
[1m[92m    Checking[0m javascriptcore-rs v1.1.2
[1m[92m    Checking[0m soup3 v0.5.0
[1m[92m   Compiling[0m miniz_oxide v0.8.9
[1m[92m   Compiling[0m fdeflate v0.3.7
[1m[92m   Compiling[0m futures-intrusive v0.5.0
[1m[92m   Compiling[0m spin v0.9.9
[1m[92m   Compiling[0m either v1.18.0
[1m[92m   Compiling[0m ryu v1.0.23
[1m[92m    Checking[0m raw-window-handle v0.6.2
[1m[92m   Compiling[0m png v0.17.16
[1m[92m   Compiling[0m serde_urlencoded v0.7.1
[1m[92m    Checking[0m webkit2gtk v2.0.2
[1m[92m   Compiling[0m sqlx-core v0.8.6
[1m[92m   Compiling[0m flume v0.11.1
[1m[92m   Compiling[0m tauri v2.11.5
[1m[92m   Compiling[0m atoi v2.0.0
[1m[92m    Checking[0m crossbeam-channel v0.5.17
[1m[92m   Compiling[0m dlopen2_derive v0.4.3
[1m[92m   Compiling[0m tauri-runtime v2.11.3
[1m[92m   Compiling[0m wry v0.55.1
[1m[92m    Checking[0m dlopen2 v0.8.2
[1m[92m   Compiling[0m sqlx-sqlite v0.8.6
[1m[92m    Checking[0m dbus v0.9.12
[1m[92m   Compiling[0m ico v0.5.0
[1m[92m    Checking[0m gdkx11 v0.18.2
[1m[92m   Compiling[0m tauri-plugin v2.6.3
[1m[92m    Checking[0m gdkwayland-sys v0.18.2
[1m[92m   Compiling[0m getrandom v0.3.4
[1m[92m   Compiling[0m tauri-runtime-wry v2.11.4
[1m[92m   Compiling[0m dotenvy v0.15.7
[1m[92m   Compiling[0m hex v0.4.3
[1m[92m    Checking[0m unicode-segmentation v1.13.3
[1m[92m   Compiling[0m sqlx-macros-core v0.8.6
[1m[92m    Checking[0m keyboard-types v0.7.0
[1m[92m    Checking[0m tao v0.35.3
[1m[92m   Compiling[0m tauri-plugin-sql v2.4.1
[1m[92m   Compiling[0m tauri-codegen v2.6.3
[1m[92m   Compiling[0m serialize-to-javascript-impl v0.1.2
[1m[92m    Checking[0m serialize-to-javascript v0.1.2
[1m[92m   Compiling[0m sqlx-macros v0.8.6
[1m[92m    Checking[0m muda v0.19.3
[1m[92m   Compiling[0m serde_repr v0.1.21
[1m[92m   Compiling[0m tauri-macros v2.6.3
[1m[92m    Checking[0m mime v0.3.17
[1m[92m   Compiling[0m sgj-desktop v0.3.0 (/home/runner/work/gestorgrupodejovens/gestorgrupodejovens/apps/desktop/src-tauri)
[1m[92m    Checking[0m sqlx v0.8.6
[1m[92m    Finished[0m `dev` profile [unoptimized + debuginfo] target(s) in 1m 04s

EXIT_CODE=0
